// Jest Snapshot v1, https://goo.gl/fbAQLP

exports[`Should render expense list item with data 1`] = `
<div>
  <Link
    to="/edit/1"
  >
    <h3>
      Gum
    </h3>
  </Link>
  <p>
    $1.95
    -
    01 Jan 1970
  </p>
</div>
`;
